// Jest Snapshot v1, https://goo.gl/fbAQLP

exports[`Testing the bounty id page Renders 1`] = `ShallowWrapper {}`;
