// Jest Snapshot v1, https://goo.gl/fbAQLP

exports[`Testing setting customers on the app Renders 1`] = `ShallowWrapper {}`;
